// Jest Snapshot v1, https://goo.gl/fbAQLP

exports[`KeyboardPicker snapshot renders correctly 1`] = `
<KeyboardPicker>
  <ForwardRef
    destroy={true}
    mask={false}
    visible={false}
  />
</KeyboardPicker>
`;
