// Jest Snapshot v1, https://goo.gl/fbAQLP

exports[`Mask renders correctly 1`] = `
<div
  className="za-mask normal"
  onClick={[Function]}
/>
`;
