// Jest Snapshot v1, https://goo.gl/fbAQLP

exports[`SwipeAction renders correctly 1`] = `
<div
  class="za-swipeaction"
>
  <div
    class="za-swipeaction-actions-left"
  >
    <div
      class="za-swipeaction-button theme-info"
    >
      <div
        class="za-swipeaction-text"
      >
        左按钮1
      </div>
    </div>
    <div
      class="za-swipeaction-button theme-warning"
    >
      <div
        class="za-swipeaction-text"
      >
        左按钮2
      </div>
    </div>
  </div>
  <div
    class="za-swipeaction-actions-right"
  >
    <div
      class="za-swipeaction-button theme-error"
    >
      <div
        class="za-swipeaction-text"
      >
        右按钮1
      </div>
    </div>
    <div
      class="za-swipeaction-button theme-success"
    >
      <div
        class="za-swipeaction-text"
      >
        右按钮2
      </div>
    </div>
  </div>
  <div
    class="za-swipeaction-content"
    style="-webkit-transition-duration:undefinedms;transition-duration:undefinedms;-webkit-transform:translate3d(0px, 0, 0);transform:translate3d(0px, 0, 0);"
  >
    <div>
      左右都能滑动
    </div>
  </div>
</div>
`;
