// Jest Snapshot v1, https://goo.gl/fbAQLP

exports[`NoticeBar renders correctly 1`] = `
<div
  class="za-message theme-warning size-lg"
>
  <div
    class="za-message-header"
  >
    <div
      class="za-message-icon"
    >
      <i
        class="za-icon za-icon-broadcast"
      />
    </div>
  </div>
  <div
    class="za-message-body"
  >
    <div
      class="za-noticebar"
    >
      <div
        class="za-noticebar-body"
        style="left:0;"
      >
        foo
      </div>
    </div>
  </div>
</div>
`;
