// Jest Snapshot v1, https://goo.gl/fbAQLP

exports[`KeyboardPicker renders correctly 1`] = `
<KeyboardPicker
  prefixCls="za-keyboard-picker"
  type="number"
  visible={false}
>
  <Popup
    mask={false}
    visible={false}
  >
    <Portal
      animationDuration={200}
      autoClose={false}
      direction="bottom"
      handlePortalUnmount={[Function]}
      mask={false}
      maskType="normal"
      prefixCls="za-popup"
      stayTime={3000}
      visible={false}
    />
  </Popup>
</KeyboardPicker>
`;
