// Jest Snapshot v1, https://goo.gl/fbAQLP

exports[`SearchBar renders correctly 1`] = `
<div
  class="za-search-bar"
>
  <form
    action="#"
    class="za-search-bar-form"
  >
    <div
      class="za-search-bar-content shape-round"
    >
      <div
        class="za-search-bar-mock"
      >
        <div
          class="za-search-bar-mock-container"
        >
          <i
            class="za-icon za-icon-search"
          />
          <span
            class="za-search-bar-mock-placeholder"
            style="visibility:visible"
          >
            搜索
          </span>
        </div>
      </div>
      <div
        class="za-input za-input-search clearable"
      >
        <input
          autocomplete="off"
          placeholder="搜索"
          type="search"
          value=""
        />
        <i
          class="za-icon za-input-clear za-icon-wrong-round-fill"
        />
      </div>
    </div>
    <div
      class="za-search-bar-cancel"
    >
      取消
    </div>
  </form>
</div>
`;

exports[`SearchBar renders defaultValue correctly 1`] = `
<SearchBar
  cancelText="取消取消"
  clearable={true}
  defaultValue="搜索关键字"
  disabled={false}
  placeholder="搜索"
  prefixCls="za-search-bar"
  shape="round"
  showCancel={false}
>
  <div
    className="za-search-bar"
  >
    <form
      action="#"
      className="za-search-bar-form"
      onSubmit={[Function]}
    >
      <div
        className="za-search-bar-content shape-round"
      >
        <div
          className="za-search-bar-mock"
        >
          <div
            className="za-search-bar-mock-container"
          >
            <Icon
              prefixCls="za-icon"
              type="search"
            >
              <i
                className="za-icon za-icon-search"
              />
            </Icon>
            <span
              className="za-search-bar-mock-placeholder"
              style={
                Object {
                  "visibility": "visible",
                }
              }
            >
              搜索
            </span>
          </div>
        </div>
        <InputBase
          clearable={true}
          disabled={false}
          onBlur={[Function]}
          onChange={[Function]}
          onClear={[Function]}
          onCompositionEnd={[Function]}
          onCompositionStart={[Function]}
          onCompositionUpdate={[Function]}
          onFocus={[Function]}
          placeholder="搜索"
          prefixCls="za-input"
          type="search"
          value=""
        >
          <div
            className="za-input za-input-search clearable"
          >
            <input
              autoComplete="off"
              disabled={false}
              onBlur={[Function]}
              onChange={[Function]}
              onCompositionEnd={[Function]}
              onCompositionStart={[Function]}
              onCompositionUpdate={[Function]}
              onFocus={[Function]}
              placeholder="搜索"
              type="search"
              value=""
            />
            <Icon
              className="za-input-clear"
              onClick={[Function]}
              prefixCls="za-icon"
              type="wrong-round-fill"
            >
              <i
                className="za-icon za-input-clear za-icon-wrong-round-fill"
                onClick={[Function]}
              />
            </Icon>
          </div>
        </InputBase>
      </div>
      <div
        className="za-search-bar-cancel"
        onClick={[Function]}
      >
        取消取消
      </div>
    </form>
  </div>
</SearchBar>
`;

exports[`SearchBar renders onCancel called correctly 1`] = `
<SearchBar
  cancelText="取消"
  clearable={true}
  disabled={false}
  onCancel={
    [MockFunction] {
      "calls": Array [
        Array [],
      ],
      "results": Array [
        Object {
          "isThrow": false,
          "value": undefined,
        },
      ],
    }
  }
  placeholder="搜索"
  prefixCls="za-search-bar"
  shape="round"
  showCancel={false}
>
  <div
    className="za-search-bar"
  >
    <form
      action="#"
      className="za-search-bar-form"
      onSubmit={[Function]}
    >
      <div
        className="za-search-bar-content shape-round"
      >
        <div
          className="za-search-bar-mock"
        >
          <div
            className="za-search-bar-mock-container"
          >
            <Icon
              prefixCls="za-icon"
              type="search"
            >
              <i
                className="za-icon za-icon-search"
              />
            </Icon>
            <span
              className="za-search-bar-mock-placeholder"
              style={
                Object {
                  "visibility": "visible",
                }
              }
            >
              搜索
            </span>
          </div>
        </div>
        <InputBase
          clearable={true}
          disabled={false}
          onBlur={[Function]}
          onChange={[Function]}
          onClear={[Function]}
          onCompositionEnd={[Function]}
          onCompositionStart={[Function]}
          onCompositionUpdate={[Function]}
          onFocus={[Function]}
          placeholder="搜索"
          prefixCls="za-input"
          type="search"
          value=""
        >
          <div
            className="za-input za-input-search clearable"
          >
            <input
              autoComplete="off"
              disabled={false}
              onBlur={[Function]}
              onChange={[Function]}
              onCompositionEnd={[Function]}
              onCompositionStart={[Function]}
              onCompositionUpdate={[Function]}
              onFocus={[Function]}
              placeholder="搜索"
              type="search"
              value=""
            />
            <Icon
              className="za-input-clear"
              onClick={[Function]}
              prefixCls="za-icon"
              type="wrong-round-fill"
            >
              <i
                className="za-icon za-input-clear za-icon-wrong-round-fill"
                onClick={[Function]}
              />
            </Icon>
          </div>
        </InputBase>
      </div>
      <div
        className="za-search-bar-cancel"
        onClick={[Function]}
      >
        取消
      </div>
    </form>
  </div>
</SearchBar>
`;

exports[`SearchBar renders onChange called correctly 1`] = `
<SearchBar
  cancelText="取消"
  clearable={true}
  disabled={false}
  onChange={
    [MockFunction] {
      "calls": Array [
        Array [
          "测试值",
        ],
      ],
      "results": Array [
        Object {
          "isThrow": false,
          "value": undefined,
        },
      ],
    }
  }
  placeholder="搜索"
  prefixCls="za-search-bar"
  shape="round"
  showCancel={false}
>
  <div
    className="za-search-bar"
  >
    <form
      action="#"
      className="za-search-bar-form za-search-bar-form-focus"
      onSubmit={[Function]}
    >
      <div
        className="za-search-bar-content shape-round"
      >
        <div
          className="za-search-bar-mock"
        >
          <div
            className="za-search-bar-mock-container"
          >
            <Icon
              prefixCls="za-icon"
              type="search"
            >
              <i
                className="za-icon za-icon-search"
              />
            </Icon>
            <span
              className="za-search-bar-mock-placeholder"
              style={
                Object {
                  "visibility": "hidden",
                }
              }
            >
              搜索
            </span>
          </div>
        </div>
        <InputBase
          clearable={true}
          disabled={false}
          onBlur={[Function]}
          onChange={[Function]}
          onClear={[Function]}
          onCompositionEnd={[Function]}
          onCompositionStart={[Function]}
          onCompositionUpdate={[Function]}
          onFocus={[Function]}
          placeholder="搜索"
          prefixCls="za-input"
          type="search"
          value="测试值"
        >
          <div
            className="za-input za-input-search clearable"
          >
            <input
              autoComplete="off"
              disabled={false}
              onBlur={[Function]}
              onChange={[Function]}
              onCompositionEnd={[Function]}
              onCompositionStart={[Function]}
              onCompositionUpdate={[Function]}
              onFocus={[Function]}
              placeholder="搜索"
              type="search"
              value="测试值"
            />
            <Icon
              className="za-input-clear za-input-clear-show"
              onClick={[Function]}
              prefixCls="za-icon"
              type="wrong-round-fill"
            >
              <i
                className="za-icon za-input-clear za-input-clear-show za-icon-wrong-round-fill"
                onClick={[Function]}
              />
            </Icon>
          </div>
        </InputBase>
      </div>
      <div
        className="za-search-bar-cancel za-search-bar-cancel-show"
        onClick={[Function]}
      >
        取消
      </div>
    </form>
  </div>
</SearchBar>
`;

exports[`SearchBar renders onClear called correctly 1`] = `
<SearchBar
  cancelText="取消"
  clearable={true}
  disabled={false}
  onClear={
    [MockFunction] {
      "calls": Array [
        Array [
          "My new value",
        ],
      ],
      "results": Array [
        Object {
          "isThrow": false,
          "value": undefined,
        },
      ],
    }
  }
  placeholder="搜索"
  prefixCls="za-search-bar"
  showCancel={false}
>
  <div
    className="za-search-bar"
  >
    <form
      action="#"
      className="za-search-bar-form"
      onSubmit={[Function]}
    >
      <div
        className="za-search-bar-content"
      >
        <div
          className="za-search-bar-mock"
        >
          <div
            className="za-search-bar-mock-container"
          >
            <Icon
              prefixCls="za-icon"
              type="search"
            >
              <i
                className="za-icon za-icon-search"
              />
            </Icon>
            <span
              className="za-search-bar-mock-placeholder"
              style={
                Object {
                  "visibility": "visible",
                }
              }
            >
              搜索
            </span>
          </div>
        </div>
        <InputBase
          clearable={true}
          disabled={false}
          onBlur={[Function]}
          onChange={[Function]}
          onClear={[Function]}
          onCompositionEnd={[Function]}
          onCompositionStart={[Function]}
          onCompositionUpdate={[Function]}
          onFocus={[Function]}
          placeholder="搜索"
          prefixCls="za-input"
          type="search"
          value=""
        >
          <div
            className="za-input za-input-search clearable"
          >
            <input
              autoComplete="off"
              disabled={false}
              onBlur={[Function]}
              onChange={[Function]}
              onCompositionEnd={[Function]}
              onCompositionStart={[Function]}
              onCompositionUpdate={[Function]}
              onFocus={[Function]}
              placeholder="搜索"
              type="search"
              value=""
            />
            <Icon
              className="za-input-clear"
              onClick={[Function]}
              prefixCls="za-icon"
              type="wrong-round-fill"
            >
              <i
                className="za-icon za-input-clear za-icon-wrong-round-fill"
                onClick={[Function]}
              />
            </Icon>
          </div>
        </InputBase>
      </div>
      <div
        className="za-search-bar-cancel"
        onClick={[Function]}
      >
        取消
      </div>
    </form>
  </div>
</SearchBar>
`;

exports[`SearchBar renders onFocus called correctly 1`] = `
<SearchBar
  cancelText="取消"
  clearable={true}
  disabled={false}
  onFocus={
    [MockFunction] {
      "calls": Array [
        Array [],
      ],
      "results": Array [
        Object {
          "isThrow": false,
          "value": undefined,
        },
      ],
    }
  }
  placeholder="搜索"
  prefixCls="za-search-bar"
  shape="round"
  showCancel={false}
>
  <div
    className="za-search-bar"
  >
    <form
      action="#"
      className="za-search-bar-form za-search-bar-form-focus"
      onSubmit={[Function]}
    >
      <div
        className="za-search-bar-content shape-round"
      >
        <div
          className="za-search-bar-mock"
        >
          <div
            className="za-search-bar-mock-container"
          >
            <Icon
              prefixCls="za-icon"
              type="search"
            >
              <i
                className="za-icon za-icon-search"
              />
            </Icon>
            <span
              className="za-search-bar-mock-placeholder"
              style={
                Object {
                  "visibility": "visible",
                }
              }
            >
              搜索
            </span>
          </div>
        </div>
        <InputBase
          clearable={true}
          disabled={false}
          onBlur={[Function]}
          onChange={[Function]}
          onClear={[Function]}
          onCompositionEnd={[Function]}
          onCompositionStart={[Function]}
          onCompositionUpdate={[Function]}
          onFocus={[Function]}
          placeholder="搜索"
          prefixCls="za-input"
          type="search"
          value=""
        >
          <div
            className="za-input za-input-search clearable"
          >
            <input
              autoComplete="off"
              disabled={false}
              onBlur={[Function]}
              onChange={[Function]}
              onCompositionEnd={[Function]}
              onCompositionStart={[Function]}
              onCompositionUpdate={[Function]}
              onFocus={[Function]}
              placeholder="搜索"
              type="search"
              value=""
            />
            <Icon
              className="za-input-clear"
              onClick={[Function]}
              prefixCls="za-icon"
              type="wrong-round-fill"
            >
              <i
                className="za-icon za-input-clear za-icon-wrong-round-fill"
                onClick={[Function]}
              />
            </Icon>
          </div>
        </InputBase>
      </div>
      <div
        className="za-search-bar-cancel za-search-bar-cancel-show"
        onClick={[Function]}
      >
        取消
      </div>
    </form>
  </div>
</SearchBar>
`;

exports[`SearchBar renders onSubmit called correctly 1`] = `
<SearchBar
  cancelText="取消"
  clearable={true}
  disabled={false}
  onSubmit={
    [MockFunction] {
      "calls": Array [
        Array [
          "My new value",
        ],
      ],
      "results": Array [
        Object {
          "isThrow": false,
          "value": undefined,
        },
      ],
    }
  }
  placeholder="搜索"
  prefixCls="za-search-bar"
  shape="round"
  showCancel={false}
>
  <div
    className="za-search-bar"
  >
    <form
      action="#"
      className="za-search-bar-form za-search-bar-form-focus"
      onSubmit={[Function]}
    >
      <div
        className="za-search-bar-content shape-round"
      >
        <div
          className="za-search-bar-mock"
        >
          <div
            className="za-search-bar-mock-container"
          >
            <Icon
              prefixCls="za-icon"
              type="search"
            >
              <i
                className="za-icon za-icon-search"
              />
            </Icon>
            <span
              className="za-search-bar-mock-placeholder"
              style={
                Object {
                  "visibility": "hidden",
                }
              }
            >
              搜索
            </span>
          </div>
        </div>
        <InputBase
          clearable={true}
          disabled={false}
          onBlur={[Function]}
          onChange={[Function]}
          onClear={[Function]}
          onCompositionEnd={[Function]}
          onCompositionStart={[Function]}
          onCompositionUpdate={[Function]}
          onFocus={[Function]}
          placeholder="搜索"
          prefixCls="za-input"
          type="search"
          value="My new value"
        >
          <div
            className="za-input za-input-search clearable"
          >
            <input
              autoComplete="off"
              disabled={false}
              onBlur={[Function]}
              onChange={[Function]}
              onCompositionEnd={[Function]}
              onCompositionStart={[Function]}
              onCompositionUpdate={[Function]}
              onFocus={[Function]}
              placeholder="搜索"
              type="search"
              value="My new value"
            />
            <Icon
              className="za-input-clear za-input-clear-show"
              onClick={[Function]}
              prefixCls="za-icon"
              type="wrong-round-fill"
            >
              <i
                className="za-icon za-input-clear za-input-clear-show za-icon-wrong-round-fill"
                onClick={[Function]}
              />
            </Icon>
          </div>
        </InputBase>
      </div>
      <div
        className="za-search-bar-cancel za-search-bar-cancel-show"
        onClick={[Function]}
      >
        取消
      </div>
    </form>
  </div>
</SearchBar>
`;
