// Jest Snapshot v1, https://goo.gl/fbAQLP

exports[`FilePicker renders correctly 1`] = `
<div
  class="za-file-picker"
>
  <input
    class="za-file-picker-input"
    type="file"
  />
  <div
    class="needsclick"
  >
    add
  </div>
</div>
`;
