// Jest Snapshot v1, https://goo.gl/fbAQLP

exports[`Popup renders correctly 1`] = `
<div
  class="za-popup"
>
  <div
    class="za-popup-wrapper za-popup-wrapper-bottom"
    style="-webkit-transition-duration:200ms;transition-duration:200ms;"
  >
    foo
  </div>
  <div
    class="za-mask normal"
  />
</div>
`;
