// Jest Snapshot v1, https://goo.gl/fbAQLP

exports[`FilePicker renders correctly 1`] = `
<div
  class="za-filepicker"
>
  <input
    accept="image/jpg, image/jpeg, image/gif, image/png"
    class="za-filepicker-input"
    type="file"
  />
  <span
    class="za-filepicker-trigger"
  />
  foo
</div>
`;
