// Jest Snapshot v1, https://goo.gl/fbAQLP

exports[`Cell renders correctly 1`] = `
<div
  class="za-cell"
>
  <div
    class="za-cell-inner"
  >
    <div
      class="za-cell-header"
    />
    <div
      class="za-cell-body"
    />
    <div
      class="za-cell-footer"
    />
  </div>
</div>
`;
